Archive member included because of file (symbol)

c:/program files (x86)/atmel/atmel studio 6.0/extensions/atmel/avrgcc/3.4.1.95/avrtoolchain/bin/../lib/gcc/avr/4.6.2/avr5\libgcc.a(_mulsi3.o)
                              Timer0.o (__mulsi3)
c:/program files (x86)/atmel/atmel studio 6.0/extensions/atmel/avrgcc/3.4.1.95/avrtoolchain/bin/../lib/gcc/avr/4.6.2/avr5\libgcc.a(_divmodhi4.o)
                              main.o (__divmodhi4)
c:/program files (x86)/atmel/atmel studio 6.0/extensions/atmel/avrgcc/3.4.1.95/avrtoolchain/bin/../lib/gcc/avr/4.6.2/avr5\libgcc.a(_divmodsi4.o)
                              LCD.o (__divmodsi4)
c:/program files (x86)/atmel/atmel studio 6.0/extensions/atmel/avrgcc/3.4.1.95/avrtoolchain/bin/../lib/gcc/avr/4.6.2/avr5\libgcc.a(_exit.o)
                              c:/program files (x86)/atmel/atmel studio 6.0/extensions/atmel/avrgcc/3.4.1.95/avrtoolchain/bin/../lib/gcc/avr/4.6.2/../../../../avr/lib/avr5/crtm32.o (exit)
c:/program files (x86)/atmel/atmel studio 6.0/extensions/atmel/avrgcc/3.4.1.95/avrtoolchain/bin/../lib/gcc/avr/4.6.2/avr5\libgcc.a(_copy_data.o)
                              DIO.o (__do_copy_data)
c:/program files (x86)/atmel/atmel studio 6.0/extensions/atmel/avrgcc/3.4.1.95/avrtoolchain/bin/../lib/gcc/avr/4.6.2/avr5\libgcc.a(_clear_bss.o)
                              DIO.o (__do_clear_bss)
c:/program files (x86)/atmel/atmel studio 6.0/extensions/atmel/avrgcc/3.4.1.95/avrtoolchain/bin/../lib/gcc/avr/4.6.2/avr5\libgcc.a(_udivmodhi4.o)
                              c:/program files (x86)/atmel/atmel studio 6.0/extensions/atmel/avrgcc/3.4.1.95/avrtoolchain/bin/../lib/gcc/avr/4.6.2/avr5\libgcc.a(_divmodhi4.o) (__udivmodhi4)
c:/program files (x86)/atmel/atmel studio 6.0/extensions/atmel/avrgcc/3.4.1.95/avrtoolchain/bin/../lib/gcc/avr/4.6.2/avr5\libgcc.a(_udivmodsi4.o)
                              c:/program files (x86)/atmel/atmel studio 6.0/extensions/atmel/avrgcc/3.4.1.95/avrtoolchain/bin/../lib/gcc/avr/4.6.2/avr5\libgcc.a(_divmodsi4.o) (__udivmodsi4)

Allocating common symbols
Common symbol       size              file

Timer0Function      0x2               Timer0.o

Memory Configuration

Name             Origin             Length             Attributes
text             0x00000000         0x00020000         xr
data             0x00800060         0x0000ffa0         rw !x
eeprom           0x00810000         0x00010000         rw !x
fuse             0x00820000         0x00000400         rw !x
lock             0x00830000         0x00000400         rw !x
signature        0x00840000         0x00000400         rw !x
*default*        0x00000000         0xffffffff

Linker script and memory map

LOAD c:/program files (x86)/atmel/atmel studio 6.0/extensions/atmel/avrgcc/3.4.1.95/avrtoolchain/bin/../lib/gcc/avr/4.6.2/../../../../avr/lib/avr5/crtm32.o
LOAD DIO.o
LOAD LCD.o
LOAD LED1.o
LOAD LED2.o
LOAD main.o
LOAD SPI.o
LOAD Timer0.o
START GROUP
LOAD c:/program files (x86)/atmel/atmel studio 6.0/extensions/atmel/avrgcc/3.4.1.95/avrtoolchain/bin/../lib/gcc/avr/4.6.2/../../../../avr/lib/avr5\libm.a
END GROUP
LOAD c:/program files (x86)/atmel/atmel studio 6.0/extensions/atmel/avrgcc/3.4.1.95/avrtoolchain/bin/../lib/gcc/avr/4.6.2/avr5\libgcc.a
LOAD c:/program files (x86)/atmel/atmel studio 6.0/extensions/atmel/avrgcc/3.4.1.95/avrtoolchain/bin/../lib/gcc/avr/4.6.2/../../../../avr/lib/avr5\libc.a
LOAD c:/program files (x86)/atmel/atmel studio 6.0/extensions/atmel/avrgcc/3.4.1.95/avrtoolchain/bin/../lib/gcc/avr/4.6.2/avr5\libgcc.a

.hash
 *(.hash)

.dynsym
 *(.dynsym)

.dynstr
 *(.dynstr)

.gnu.version
 *(.gnu.version)

.gnu.version_d
 *(.gnu.version_d)

.gnu.version_r
 *(.gnu.version_r)

.rel.init
 *(.rel.init)

.rela.init
 *(.rela.init)

.rel.text
 *(.rel.text)
 *(.rel.text.*)
 *(.rel.gnu.linkonce.t*)

.rela.text
 *(.rela.text)
 *(.rela.text.*)
 *(.rela.gnu.linkonce.t*)

.rel.fini
 *(.rel.fini)

.rela.fini
 *(.rela.fini)

.rel.rodata
 *(.rel.rodata)
 *(.rel.rodata.*)
 *(.rel.gnu.linkonce.r*)

.rela.rodata
 *(.rela.rodata)
 *(.rela.rodata.*)
 *(.rela.gnu.linkonce.r*)

.rel.data
 *(.rel.data)
 *(.rel.data.*)
 *(.rel.gnu.linkonce.d*)

.rela.data
 *(.rela.data)
 *(.rela.data.*)
 *(.rela.gnu.linkonce.d*)

.rel.ctors
 *(.rel.ctors)

.rela.ctors
 *(.rela.ctors)

.rel.dtors
 *(.rel.dtors)

.rela.dtors
 *(.rela.dtors)

.rel.got
 *(.rel.got)

.rela.got
 *(.rela.got)

.rel.bss
 *(.rel.bss)

.rela.bss
 *(.rela.bss)

.rel.plt
 *(.rel.plt)

.rela.plt
 *(.rela.plt)

.text           0x00000000      0xbaa
 *(.vectors)
 .vectors       0x00000000       0x54 c:/program files (x86)/atmel/atmel studio 6.0/extensions/atmel/avrgcc/3.4.1.95/avrtoolchain/bin/../lib/gcc/avr/4.6.2/../../../../avr/lib/avr5/crtm32.o
                0x00000000                __vector_default
                0x00000000                __vectors
 *(.vectors)
 *(.progmem.gcc*)
 *(.progmem*)
                0x00000054                . = ALIGN (0x2)
                0x00000054                __trampolines_start = .
 *(.trampolines)
 .trampolines   0x00000054        0x0 linker stubs
 *(.trampolines*)
                0x00000054                __trampolines_end = .
 *(.jumptables)
 *(.jumptables*)
 *(.lowtext)
 *(.lowtext*)
                0x00000054                __ctors_start = .
 *(.ctors)
                0x00000054                __ctors_end = .
                0x00000054                __dtors_start = .
 *(.dtors)
                0x00000054                __dtors_end = .
 SORT(*)(.ctors)
 SORT(*)(.dtors)
 *(.init0)
 .init0         0x00000054        0x0 c:/program files (x86)/atmel/atmel studio 6.0/extensions/atmel/avrgcc/3.4.1.95/avrtoolchain/bin/../lib/gcc/avr/4.6.2/../../../../avr/lib/avr5/crtm32.o
                0x00000054                __init
 *(.init0)
 *(.init1)
 *(.init1)
 *(.init2)
 .init2         0x00000054        0xc c:/program files (x86)/atmel/atmel studio 6.0/extensions/atmel/avrgcc/3.4.1.95/avrtoolchain/bin/../lib/gcc/avr/4.6.2/../../../../avr/lib/avr5/crtm32.o
 *(.init2)
 *(.init3)
 *(.init3)
 *(.init4)
 .init4         0x00000060       0x16 c:/program files (x86)/atmel/atmel studio 6.0/extensions/atmel/avrgcc/3.4.1.95/avrtoolchain/bin/../lib/gcc/avr/4.6.2/avr5\libgcc.a(_copy_data.o)
                0x00000060                __do_copy_data
 .init4         0x00000076       0x10 c:/program files (x86)/atmel/atmel studio 6.0/extensions/atmel/avrgcc/3.4.1.95/avrtoolchain/bin/../lib/gcc/avr/4.6.2/avr5\libgcc.a(_clear_bss.o)
                0x00000076                __do_clear_bss
 *(.init4)
 *(.init5)
 *(.init5)
 *(.init6)
 *(.init6)
 *(.init7)
 *(.init7)
 *(.init8)
 *(.init8)
 *(.init9)
 .init9         0x00000086        0x8 c:/program files (x86)/atmel/atmel studio 6.0/extensions/atmel/avrgcc/3.4.1.95/avrtoolchain/bin/../lib/gcc/avr/4.6.2/../../../../avr/lib/avr5/crtm32.o
 *(.init9)
 *(.text)
 .text          0x0000008e        0x4 c:/program files (x86)/atmel/atmel studio 6.0/extensions/atmel/avrgcc/3.4.1.95/avrtoolchain/bin/../lib/gcc/avr/4.6.2/../../../../avr/lib/avr5/crtm32.o
                0x0000008e                __vector_1
                0x0000008e                __vector_12
                0x0000008e                __bad_interrupt
                0x0000008e                __vector_6
                0x0000008e                __vector_3
                0x0000008e                __vector_13
                0x0000008e                __vector_17
                0x0000008e                __vector_19
                0x0000008e                __vector_7
                0x0000008e                __vector_5
                0x0000008e                __vector_4
                0x0000008e                __vector_9
                0x0000008e                __vector_2
                0x0000008e                __vector_15
                0x0000008e                __vector_8
                0x0000008e                __vector_14
                0x0000008e                __vector_10
                0x0000008e                __vector_16
                0x0000008e                __vector_18
                0x0000008e                __vector_20
 .text          0x00000092      0x3c0 DIO.o
                0x00000092                DIO_setPortDirection
                0x000000b4                DIO_setPortValue
                0x000000d6                DIO_readPortValue
                0x00000108                DIO_togglePort
                0x0000013a                DIO_setPinDirection
                0x0000024c                DIO_setPinValue
                0x0000035e                DIO_readPinValue
                0x000003d8                DIO_togglePin
 .text          0x00000452      0x336 LCD.o
                0x00000452                LCD_sendCommand
                0x000004dc                LCD_writeChar
                0x00000566                LCD_writeStr
                0x00000592                LCD_clear
                0x0000059a                LCD_init
                0x0000061c                LCD_goTo
                0x00000646                LCD_writeInt
 .text          0x00000788       0x2e LED1.o
                0x00000788                LED1_Init
                0x00000794                LED1_ON
                0x000007a0                LED1_OFF
                0x000007ac                LED1_TOGGLE
 .text          0x000007b6       0x2e LED2.o
                0x000007b6                LED2_Init
                0x000007c2                LED2_ON
                0x000007ce                LED2_OFF
                0x000007da                LED2_TOGGLE
 .text          0x000007e4      0x108 main.o
                0x000007e4                writeNextLineOfInstructionsAtLCD
                0x0000085c                main
 .text          0x000008ec       0x52 SPI.o
                0x000008ec                SPI_init
                0x0000091a                SPI_Transiver
                0x00000924                SPI_RxOnly
                0x0000092c                SPI_RxOnlyIfAvailableNow
 .text          0x0000093e      0x162 Timer0.o
                0x0000093e                Timer0_init
                0x0000096a                Timer0_start
                0x0000097e                Timer0_stop
                0x00000992                Timer0_delay_ms
                0x000009fc                __vector_11
 .text          0x00000aa0        0x0 c:/program files (x86)/atmel/atmel studio 6.0/extensions/atmel/avrgcc/3.4.1.95/avrtoolchain/bin/../lib/gcc/avr/4.6.2/avr5\libgcc.a(_mulsi3.o)
 .text          0x00000aa0        0x0 c:/program files (x86)/atmel/atmel studio 6.0/extensions/atmel/avrgcc/3.4.1.95/avrtoolchain/bin/../lib/gcc/avr/4.6.2/avr5\libgcc.a(_divmodhi4.o)
 .text          0x00000aa0        0x0 c:/program files (x86)/atmel/atmel studio 6.0/extensions/atmel/avrgcc/3.4.1.95/avrtoolchain/bin/../lib/gcc/avr/4.6.2/avr5\libgcc.a(_divmodsi4.o)
 .text          0x00000aa0        0x0 c:/program files (x86)/atmel/atmel studio 6.0/extensions/atmel/avrgcc/3.4.1.95/avrtoolchain/bin/../lib/gcc/avr/4.6.2/avr5\libgcc.a(_exit.o)
 .text          0x00000aa0        0x0 c:/program files (x86)/atmel/atmel studio 6.0/extensions/atmel/avrgcc/3.4.1.95/avrtoolchain/bin/../lib/gcc/avr/4.6.2/avr5\libgcc.a(_copy_data.o)
 .text          0x00000aa0        0x0 c:/program files (x86)/atmel/atmel studio 6.0/extensions/atmel/avrgcc/3.4.1.95/avrtoolchain/bin/../lib/gcc/avr/4.6.2/avr5\libgcc.a(_clear_bss.o)
 .text          0x00000aa0        0x0 c:/program files (x86)/atmel/atmel studio 6.0/extensions/atmel/avrgcc/3.4.1.95/avrtoolchain/bin/../lib/gcc/avr/4.6.2/avr5\libgcc.a(_udivmodhi4.o)
 .text          0x00000aa0        0x0 c:/program files (x86)/atmel/atmel studio 6.0/extensions/atmel/avrgcc/3.4.1.95/avrtoolchain/bin/../lib/gcc/avr/4.6.2/avr5\libgcc.a(_udivmodsi4.o)
                0x00000aa0                . = ALIGN (0x2)
 *(.text.*)
 .text.libgcc   0x00000aa0       0x3e c:/program files (x86)/atmel/atmel studio 6.0/extensions/atmel/avrgcc/3.4.1.95/avrtoolchain/bin/../lib/gcc/avr/4.6.2/avr5\libgcc.a(_mulsi3.o)
                0x00000aa0                __mulsi3
 .text.libgcc   0x00000ade       0x26 c:/program files (x86)/atmel/atmel studio 6.0/extensions/atmel/avrgcc/3.4.1.95/avrtoolchain/bin/../lib/gcc/avr/4.6.2/avr5\libgcc.a(_divmodhi4.o)
                0x00000ade                _div
                0x00000ade                __divmodhi4
 .text.libgcc   0x00000b04       0x36 c:/program files (x86)/atmel/atmel studio 6.0/extensions/atmel/avrgcc/3.4.1.95/avrtoolchain/bin/../lib/gcc/avr/4.6.2/avr5\libgcc.a(_divmodsi4.o)
                0x00000b04                __divmodsi4
 .text.libgcc   0x00000b3a        0x0 c:/program files (x86)/atmel/atmel studio 6.0/extensions/atmel/avrgcc/3.4.1.95/avrtoolchain/bin/../lib/gcc/avr/4.6.2/avr5\libgcc.a(_exit.o)
 .text.libgcc   0x00000b3a        0x0 c:/program files (x86)/atmel/atmel studio 6.0/extensions/atmel/avrgcc/3.4.1.95/avrtoolchain/bin/../lib/gcc/avr/4.6.2/avr5\libgcc.a(_copy_data.o)
 .text.libgcc   0x00000b3a        0x0 c:/program files (x86)/atmel/atmel studio 6.0/extensions/atmel/avrgcc/3.4.1.95/avrtoolchain/bin/../lib/gcc/avr/4.6.2/avr5\libgcc.a(_clear_bss.o)
 .text.libgcc   0x00000b3a       0x28 c:/program files (x86)/atmel/atmel studio 6.0/extensions/atmel/avrgcc/3.4.1.95/avrtoolchain/bin/../lib/gcc/avr/4.6.2/avr5\libgcc.a(_udivmodhi4.o)
                0x00000b3a                __udivmodhi4
 .text.libgcc   0x00000b62       0x44 c:/program files (x86)/atmel/atmel studio 6.0/extensions/atmel/avrgcc/3.4.1.95/avrtoolchain/bin/../lib/gcc/avr/4.6.2/avr5\libgcc.a(_udivmodsi4.o)
                0x00000b62                __udivmodsi4
                0x00000ba6                . = ALIGN (0x2)
 *(.fini9)
 .fini9         0x00000ba6        0x0 c:/program files (x86)/atmel/atmel studio 6.0/extensions/atmel/avrgcc/3.4.1.95/avrtoolchain/bin/../lib/gcc/avr/4.6.2/avr5\libgcc.a(_exit.o)
                0x00000ba6                _exit
                0x00000ba6                exit
 *(.fini9)
 *(.fini8)
 *(.fini8)
 *(.fini7)
 *(.fini7)
 *(.fini6)
 *(.fini6)
 *(.fini5)
 *(.fini5)
 *(.fini4)
 *(.fini4)
 *(.fini3)
 *(.fini3)
 *(.fini2)
 *(.fini2)
 *(.fini1)
 *(.fini1)
 *(.fini0)
 .fini0         0x00000ba6        0x4 c:/program files (x86)/atmel/atmel studio 6.0/extensions/atmel/avrgcc/3.4.1.95/avrtoolchain/bin/../lib/gcc/avr/4.6.2/avr5\libgcc.a(_exit.o)
 *(.fini0)
                0x00000baa                _etext = .

.data           0x00800060       0x4e load address 0x00000baa
                0x00800060                PROVIDE (__data_start, .)
 *(.data)
 .data          0x00800060        0x0 c:/program files (x86)/atmel/atmel studio 6.0/extensions/atmel/avrgcc/3.4.1.95/avrtoolchain/bin/../lib/gcc/avr/4.6.2/../../../../avr/lib/avr5/crtm32.o
 .data          0x00800060        0x0 DIO.o
 .data          0x00800060        0x0 LCD.o
 .data          0x00800060        0x0 LED1.o
 .data          0x00800060        0x0 LED2.o
 .data          0x00800060       0x4e main.o
                0x00800060                instructions
 .data          0x008000ae        0x0 SPI.o
 .data          0x008000ae        0x0 Timer0.o
 .data          0x008000ae        0x0 c:/program files (x86)/atmel/atmel studio 6.0/extensions/atmel/avrgcc/3.4.1.95/avrtoolchain/bin/../lib/gcc/avr/4.6.2/avr5\libgcc.a(_mulsi3.o)
 .data          0x008000ae        0x0 c:/program files (x86)/atmel/atmel studio 6.0/extensions/atmel/avrgcc/3.4.1.95/avrtoolchain/bin/../lib/gcc/avr/4.6.2/avr5\libgcc.a(_divmodhi4.o)
 .data          0x008000ae        0x0 c:/program files (x86)/atmel/atmel studio 6.0/extensions/atmel/avrgcc/3.4.1.95/avrtoolchain/bin/../lib/gcc/avr/4.6.2/avr5\libgcc.a(_divmodsi4.o)
 .data          0x008000ae        0x0 c:/program files (x86)/atmel/atmel studio 6.0/extensions/atmel/avrgcc/3.4.1.95/avrtoolchain/bin/../lib/gcc/avr/4.6.2/avr5\libgcc.a(_exit.o)
 .data          0x008000ae        0x0 c:/program files (x86)/atmel/atmel studio 6.0/extensions/atmel/avrgcc/3.4.1.95/avrtoolchain/bin/../lib/gcc/avr/4.6.2/avr5\libgcc.a(_copy_data.o)
 .data          0x008000ae        0x0 c:/program files (x86)/atmel/atmel studio 6.0/extensions/atmel/avrgcc/3.4.1.95/avrtoolchain/bin/../lib/gcc/avr/4.6.2/avr5\libgcc.a(_clear_bss.o)
 .data          0x008000ae        0x0 c:/program files (x86)/atmel/atmel studio 6.0/extensions/atmel/avrgcc/3.4.1.95/avrtoolchain/bin/../lib/gcc/avr/4.6.2/avr5\libgcc.a(_udivmodhi4.o)
 .data          0x008000ae        0x0 c:/program files (x86)/atmel/atmel studio 6.0/extensions/atmel/avrgcc/3.4.1.95/avrtoolchain/bin/../lib/gcc/avr/4.6.2/avr5\libgcc.a(_udivmodsi4.o)
 *(.data*)
 *(.rodata)
 *(.rodata*)
 *(.gnu.linkonce.d*)
                0x008000ae                . = ALIGN (0x2)
                0x008000ae                _edata = .
                0x008000ae                PROVIDE (__data_end, .)

.bss            0x008000ae        0xc
                0x008000ae                PROVIDE (__bss_start, .)
 *(.bss)
 .bss           0x008000ae        0x0 c:/program files (x86)/atmel/atmel studio 6.0/extensions/atmel/avrgcc/3.4.1.95/avrtoolchain/bin/../lib/gcc/avr/4.6.2/../../../../avr/lib/avr5/crtm32.o
 .bss           0x008000ae        0x0 DIO.o
 .bss           0x008000ae        0x0 LCD.o
 .bss           0x008000ae        0x0 LED1.o
 .bss           0x008000ae        0x0 LED2.o
 .bss           0x008000ae        0x1 main.o
 .bss           0x008000af        0x0 SPI.o
 .bss           0x008000af        0x9 Timer0.o
                0x008000af                Timer0_overFlowMode_intialValue
                0x008000b0                Timer0_numOfOverFlows
 .bss           0x008000b8        0x0 c:/program files (x86)/atmel/atmel studio 6.0/extensions/atmel/avrgcc/3.4.1.95/avrtoolchain/bin/../lib/gcc/avr/4.6.2/avr5\libgcc.a(_mulsi3.o)
 .bss           0x008000b8        0x0 c:/program files (x86)/atmel/atmel studio 6.0/extensions/atmel/avrgcc/3.4.1.95/avrtoolchain/bin/../lib/gcc/avr/4.6.2/avr5\libgcc.a(_divmodhi4.o)
 .bss           0x008000b8        0x0 c:/program files (x86)/atmel/atmel studio 6.0/extensions/atmel/avrgcc/3.4.1.95/avrtoolchain/bin/../lib/gcc/avr/4.6.2/avr5\libgcc.a(_divmodsi4.o)
 .bss           0x008000b8        0x0 c:/program files (x86)/atmel/atmel studio 6.0/extensions/atmel/avrgcc/3.4.1.95/avrtoolchain/bin/../lib/gcc/avr/4.6.2/avr5\libgcc.a(_exit.o)
 .bss           0x008000b8        0x0 c:/program files (x86)/atmel/atmel studio 6.0/extensions/atmel/avrgcc/3.4.1.95/avrtoolchain/bin/../lib/gcc/avr/4.6.2/avr5\libgcc.a(_copy_data.o)
 .bss           0x008000b8        0x0 c:/program files (x86)/atmel/atmel studio 6.0/extensions/atmel/avrgcc/3.4.1.95/avrtoolchain/bin/../lib/gcc/avr/4.6.2/avr5\libgcc.a(_clear_bss.o)
 .bss           0x008000b8        0x0 c:/program files (x86)/atmel/atmel studio 6.0/extensions/atmel/avrgcc/3.4.1.95/avrtoolchain/bin/../lib/gcc/avr/4.6.2/avr5\libgcc.a(_udivmodhi4.o)
 .bss           0x008000b8        0x0 c:/program files (x86)/atmel/atmel studio 6.0/extensions/atmel/avrgcc/3.4.1.95/avrtoolchain/bin/../lib/gcc/avr/4.6.2/avr5\libgcc.a(_udivmodsi4.o)
 *(.bss*)
 *(COMMON)
 COMMON         0x008000b8        0x2 Timer0.o
                0x008000b8                Timer0Function
                0x008000ba                PROVIDE (__bss_end, .)
                0x00000baa                __data_load_start = LOADADDR (.data)
                0x00000bf8                __data_load_end = (__data_load_start + SIZEOF (.data))

.noinit         0x008000ba        0x0
                0x008000ba                PROVIDE (__noinit_start, .)
 *(.noinit*)
                0x008000ba                PROVIDE (__noinit_end, .)
                0x008000ba                _end = .
                0x008000ba                PROVIDE (__heap_start, .)

.eeprom         0x00810000        0x0
 *(.eeprom*)
                0x00810000                __eeprom_end = .

.fuse
 *(.fuse)
 *(.lfuse)
 *(.hfuse)
 *(.efuse)

.lock
 *(.lock*)

.signature
 *(.signature*)

.stab           0x00000000      0x6cc
 *(.stab)
 .stab          0x00000000      0x6cc c:/program files (x86)/atmel/atmel studio 6.0/extensions/atmel/avrgcc/3.4.1.95/avrtoolchain/bin/../lib/gcc/avr/4.6.2/../../../../avr/lib/avr5/crtm32.o

.stabstr        0x00000000       0x85
 *(.stabstr)
 .stabstr       0x00000000       0x85 c:/program files (x86)/atmel/atmel studio 6.0/extensions/atmel/avrgcc/3.4.1.95/avrtoolchain/bin/../lib/gcc/avr/4.6.2/../../../../avr/lib/avr5/crtm32.o

.stab.excl
 *(.stab.excl)

.stab.exclstr
 *(.stab.exclstr)

.stab.index
 *(.stab.index)

.stab.indexstr
 *(.stab.indexstr)

.comment
 *(.comment)

.debug
 *(.debug)

.line
 *(.line)

.debug_srcinfo
 *(.debug_srcinfo)

.debug_sfnames
 *(.debug_sfnames)

.debug_aranges  0x00000000      0x1e0
 *(.debug_aranges)
 .debug_aranges
                0x00000000       0x20 DIO.o
 .debug_aranges
                0x00000020       0x20 LCD.o
 .debug_aranges
                0x00000040       0x20 LED1.o
 .debug_aranges
                0x00000060       0x20 LED2.o
 .debug_aranges
                0x00000080       0x20 main.o
 .debug_aranges
                0x000000a0       0x20 SPI.o
 .debug_aranges
                0x000000c0       0x20 Timer0.o
 .debug_aranges
                0x000000e0       0x20 c:/program files (x86)/atmel/atmel studio 6.0/extensions/atmel/avrgcc/3.4.1.95/avrtoolchain/bin/../lib/gcc/avr/4.6.2/avr5\libgcc.a(_mulsi3.o)
 .debug_aranges
                0x00000100       0x20 c:/program files (x86)/atmel/atmel studio 6.0/extensions/atmel/avrgcc/3.4.1.95/avrtoolchain/bin/../lib/gcc/avr/4.6.2/avr5\libgcc.a(_divmodhi4.o)
 .debug_aranges
                0x00000120       0x20 c:/program files (x86)/atmel/atmel studio 6.0/extensions/atmel/avrgcc/3.4.1.95/avrtoolchain/bin/../lib/gcc/avr/4.6.2/avr5\libgcc.a(_divmodsi4.o)
 .debug_aranges
                0x00000140       0x20 c:/program files (x86)/atmel/atmel studio 6.0/extensions/atmel/avrgcc/3.4.1.95/avrtoolchain/bin/../lib/gcc/avr/4.6.2/avr5\libgcc.a(_exit.o)
 .debug_aranges
                0x00000160       0x20 c:/program files (x86)/atmel/atmel studio 6.0/extensions/atmel/avrgcc/3.4.1.95/avrtoolchain/bin/../lib/gcc/avr/4.6.2/avr5\libgcc.a(_copy_data.o)
 .debug_aranges
                0x00000180       0x20 c:/program files (x86)/atmel/atmel studio 6.0/extensions/atmel/avrgcc/3.4.1.95/avrtoolchain/bin/../lib/gcc/avr/4.6.2/avr5\libgcc.a(_clear_bss.o)
 .debug_aranges
                0x000001a0       0x20 c:/program files (x86)/atmel/atmel studio 6.0/extensions/atmel/avrgcc/3.4.1.95/avrtoolchain/bin/../lib/gcc/avr/4.6.2/avr5\libgcc.a(_udivmodhi4.o)
 .debug_aranges
                0x000001c0       0x20 c:/program files (x86)/atmel/atmel studio 6.0/extensions/atmel/avrgcc/3.4.1.95/avrtoolchain/bin/../lib/gcc/avr/4.6.2/avr5\libgcc.a(_udivmodsi4.o)

.debug_pubnames
 *(.debug_pubnames)

.debug_info     0x00000000     0x12f6
 *(.debug_info)
 .debug_info    0x00000000      0x247 DIO.o
 .debug_info    0x00000247      0x42e LCD.o
 .debug_info    0x00000675       0xae LED1.o
 .debug_info    0x00000723       0xae LED2.o
 .debug_info    0x000007d1      0x127 main.o
 .debug_info    0x000008f8      0x156 SPI.o
 .debug_info    0x00000a4e      0x1c0 Timer0.o
 .debug_info    0x00000c0e       0xdd c:/program files (x86)/atmel/atmel studio 6.0/extensions/atmel/avrgcc/3.4.1.95/avrtoolchain/bin/../lib/gcc/avr/4.6.2/avr5\libgcc.a(_mulsi3.o)
 .debug_info    0x00000ceb       0xdd c:/program files (x86)/atmel/atmel studio 6.0/extensions/atmel/avrgcc/3.4.1.95/avrtoolchain/bin/../lib/gcc/avr/4.6.2/avr5\libgcc.a(_divmodhi4.o)
 .debug_info    0x00000dc8       0xdd c:/program files (x86)/atmel/atmel studio 6.0/extensions/atmel/avrgcc/3.4.1.95/avrtoolchain/bin/../lib/gcc/avr/4.6.2/avr5\libgcc.a(_divmodsi4.o)
 .debug_info    0x00000ea5       0xdd c:/program files (x86)/atmel/atmel studio 6.0/extensions/atmel/avrgcc/3.4.1.95/avrtoolchain/bin/../lib/gcc/avr/4.6.2/avr5\libgcc.a(_exit.o)
 .debug_info    0x00000f82       0xdd c:/program files (x86)/atmel/atmel studio 6.0/extensions/atmel/avrgcc/3.4.1.95/avrtoolchain/bin/../lib/gcc/avr/4.6.2/avr5\libgcc.a(_copy_data.o)
 .debug_info    0x0000105f       0xdd c:/program files (x86)/atmel/atmel studio 6.0/extensions/atmel/avrgcc/3.4.1.95/avrtoolchain/bin/../lib/gcc/avr/4.6.2/avr5\libgcc.a(_clear_bss.o)
 .debug_info    0x0000113c       0xdd c:/program files (x86)/atmel/atmel studio 6.0/extensions/atmel/avrgcc/3.4.1.95/avrtoolchain/bin/../lib/gcc/avr/4.6.2/avr5\libgcc.a(_udivmodhi4.o)
 .debug_info    0x00001219       0xdd c:/program files (x86)/atmel/atmel studio 6.0/extensions/atmel/avrgcc/3.4.1.95/avrtoolchain/bin/../lib/gcc/avr/4.6.2/avr5\libgcc.a(_udivmodsi4.o)
 *(.gnu.linkonce.wi.*)

.debug_abbrev   0x00000000      0x564
 *(.debug_abbrev)
 .debug_abbrev  0x00000000       0x8e DIO.o
 .debug_abbrev  0x0000008e      0x16b LCD.o
 .debug_abbrev  0x000001f9       0x32 LED1.o
 .debug_abbrev  0x0000022b       0x32 LED2.o
 .debug_abbrev  0x0000025d       0xc8 main.o
 .debug_abbrev  0x00000325       0xb2 SPI.o
 .debug_abbrev  0x000003d7       0xed Timer0.o
 .debug_abbrev  0x000004c4       0x14 c:/program files (x86)/atmel/atmel studio 6.0/extensions/atmel/avrgcc/3.4.1.95/avrtoolchain/bin/../lib/gcc/avr/4.6.2/avr5\libgcc.a(_mulsi3.o)
 .debug_abbrev  0x000004d8       0x14 c:/program files (x86)/atmel/atmel studio 6.0/extensions/atmel/avrgcc/3.4.1.95/avrtoolchain/bin/../lib/gcc/avr/4.6.2/avr5\libgcc.a(_divmodhi4.o)
 .debug_abbrev  0x000004ec       0x14 c:/program files (x86)/atmel/atmel studio 6.0/extensions/atmel/avrgcc/3.4.1.95/avrtoolchain/bin/../lib/gcc/avr/4.6.2/avr5\libgcc.a(_divmodsi4.o)
 .debug_abbrev  0x00000500       0x14 c:/program files (x86)/atmel/atmel studio 6.0/extensions/atmel/avrgcc/3.4.1.95/avrtoolchain/bin/../lib/gcc/avr/4.6.2/avr5\libgcc.a(_exit.o)
 .debug_abbrev  0x00000514       0x14 c:/program files (x86)/atmel/atmel studio 6.0/extensions/atmel/avrgcc/3.4.1.95/avrtoolchain/bin/../lib/gcc/avr/4.6.2/avr5\libgcc.a(_copy_data.o)
 .debug_abbrev  0x00000528       0x14 c:/program files (x86)/atmel/atmel studio 6.0/extensions/atmel/avrgcc/3.4.1.95/avrtoolchain/bin/../lib/gcc/avr/4.6.2/avr5\libgcc.a(_clear_bss.o)
 .debug_abbrev  0x0000053c       0x14 c:/program files (x86)/atmel/atmel studio 6.0/extensions/atmel/avrgcc/3.4.1.95/avrtoolchain/bin/../lib/gcc/avr/4.6.2/avr5\libgcc.a(_udivmodhi4.o)
 .debug_abbrev  0x00000550       0x14 c:/program files (x86)/atmel/atmel studio 6.0/extensions/atmel/avrgcc/3.4.1.95/avrtoolchain/bin/../lib/gcc/avr/4.6.2/avr5\libgcc.a(_udivmodsi4.o)

.debug_line     0x00000000      0x9e7
 *(.debug_line)
 .debug_line    0x00000000       0x97 DIO.o
 .debug_line    0x00000097      0x21f LCD.o
 .debug_line    0x000002b6       0x41 LED1.o
 .debug_line    0x000002f7       0x41 LED2.o
 .debug_line    0x00000338       0x69 main.o
 .debug_line    0x000003a1       0x77 SPI.o
 .debug_line    0x00000418      0x107 Timer0.o
 .debug_line    0x0000051f       0xa5 c:/program files (x86)/atmel/atmel studio 6.0/extensions/atmel/avrgcc/3.4.1.95/avrtoolchain/bin/../lib/gcc/avr/4.6.2/avr5\libgcc.a(_mulsi3.o)
 .debug_line    0x000005c4       0x99 c:/program files (x86)/atmel/atmel studio 6.0/extensions/atmel/avrgcc/3.4.1.95/avrtoolchain/bin/../lib/gcc/avr/4.6.2/avr5\libgcc.a(_divmodhi4.o)
 .debug_line    0x0000065d       0xa1 c:/program files (x86)/atmel/atmel studio 6.0/extensions/atmel/avrgcc/3.4.1.95/avrtoolchain/bin/../lib/gcc/avr/4.6.2/avr5\libgcc.a(_divmodsi4.o)
 .debug_line    0x000006fe       0x88 c:/program files (x86)/atmel/atmel studio 6.0/extensions/atmel/avrgcc/3.4.1.95/avrtoolchain/bin/../lib/gcc/avr/4.6.2/avr5\libgcc.a(_exit.o)
 .debug_line    0x00000786       0x91 c:/program files (x86)/atmel/atmel studio 6.0/extensions/atmel/avrgcc/3.4.1.95/avrtoolchain/bin/../lib/gcc/avr/4.6.2/avr5\libgcc.a(_copy_data.o)
 .debug_line    0x00000817       0x8e c:/program files (x86)/atmel/atmel studio 6.0/extensions/atmel/avrgcc/3.4.1.95/avrtoolchain/bin/../lib/gcc/avr/4.6.2/avr5\libgcc.a(_clear_bss.o)
 .debug_line    0x000008a5       0x9a c:/program files (x86)/atmel/atmel studio 6.0/extensions/atmel/avrgcc/3.4.1.95/avrtoolchain/bin/../lib/gcc/avr/4.6.2/avr5\libgcc.a(_udivmodhi4.o)
 .debug_line    0x0000093f       0xa8 c:/program files (x86)/atmel/atmel studio 6.0/extensions/atmel/avrgcc/3.4.1.95/avrtoolchain/bin/../lib/gcc/avr/4.6.2/avr5\libgcc.a(_udivmodsi4.o)

.debug_frame    0x00000000      0x388
 *(.debug_frame)
 .debug_frame   0x00000000       0x94 DIO.o
 .debug_frame   0x00000094      0x108 LCD.o
 .debug_frame   0x0000019c       0x54 LED1.o
 .debug_frame   0x000001f0       0x54 LED2.o
 .debug_frame   0x00000244       0x44 main.o
 .debug_frame   0x00000288       0x54 SPI.o
 .debug_frame   0x000002dc       0xac Timer0.o

.debug_str      0x00000000      0x47f
 *(.debug_str)
 .debug_str     0x00000000      0x13d DIO.o
                                0x16a (size before relaxing)
 .debug_str     0x0000013d      0x141 LCD.o
                                0x1c9 (size before relaxing)
 .debug_str     0x0000027e       0x33 LED1.o
                                 0xed (size before relaxing)
 .debug_str     0x000002b1       0x33 LED2.o
                                 0xed (size before relaxing)
 .debug_str     0x000002e4       0x50 main.o
                                0x15a (size before relaxing)
 .debug_str     0x00000334       0x6d SPI.o
                                0x145 (size before relaxing)
 .debug_str     0x000003a1       0xde Timer0.o
                                0x1f2 (size before relaxing)

.debug_loc      0x00000000      0x8fd
 *(.debug_loc)
 .debug_loc     0x00000000      0x378 DIO.o
 .debug_loc     0x00000378      0x34c LCD.o
 .debug_loc     0x000006c4       0x5b main.o
 .debug_loc     0x0000071f       0xb0 SPI.o
 .debug_loc     0x000007cf      0x12e Timer0.o

.debug_macinfo
 *(.debug_macinfo)
OUTPUT(SMART HOME SLAVE.elf elf32-avr)
LOAD linker stubs
